MPASM  5.51                     EXERCISE3.ASM   2-9-2023  14:01:26         PAGE  1


LOC  OBJECT CODE     LINE SOURCE TEXT
  VALUE

                      00001 ; init
Warning[203]: Found opcode in column 1. (BSF)
0000   1683           00002 BSF 03h, 5
Warning[203]: Found opcode in column 1. (MOVLW)
0001   3000           00003 MOVLW 0x00
Warning[203]: Found opcode in column 1. (MOVWF)
Message[302]: Register in operand not in bank 0.  Ensure that bank bits are correct.
0002   0086           00004 MOVWF 86h ; Set all pin as outputs
Warning[203]: Found opcode in column 1. (BCF)
0003   1283           00005 BCF 03h, 5
Warning[203]: Found opcode in column 1. (goto)
0004   2886           00006 goto START
                      00007 
                      00008 ; subroutine - Count Up
0005                  00009 count_up:
Warning[203]: Found opcode in column 1. (CALL)
0005   2056           00010 CALL ZERO
Warning[203]: Found opcode in column 1. (CALL)
0006   2047           00011 CALL delay
Warning[203]: Found opcode in column 1. (CALL)
0007   2059           00012 CALL ONE
Warning[203]: Found opcode in column 1. (CALL)
0008   2047           00013 CALL delay
Warning[203]: Found opcode in column 1. (CALL)
0009   205C           00014 CALL TWO
Warning[203]: Found opcode in column 1. (CALL)
000A   2047           00015 CALL delay
Warning[203]: Found opcode in column 1. (CALL)
000B   205F           00016 CALL THREE
Warning[203]: Found opcode in column 1. (CALL)
000C   2047           00017 CALL delay
Warning[203]: Found opcode in column 1. (CALL)
000D   2062           00018 CALL FOUR
Warning[203]: Found opcode in column 1. (CALL)
000E   2047           00019 CALL delay
Warning[203]: Found opcode in column 1. (CALL)
000F   2065           00020 CALL FIVE
Warning[203]: Found opcode in column 1. (CALL)
0010   2047           00021 CALL delay
Warning[203]: Found opcode in column 1. (CALL)
0011   2068           00022 CALL SIX
Warning[203]: Found opcode in column 1. (CALL)
0012   2047           00023 CALL delay
Warning[203]: Found opcode in column 1. (CALL)
0013   206B           00024 CALL SEVEN
Warning[203]: Found opcode in column 1. (CALL)
0014   2047           00025 CALL delay
Warning[203]: Found opcode in column 1. (CALL)
0015   206E           00026 CALL EIGHT
Warning[203]: Found opcode in column 1. (CALL)
0016   2047           00027 CALL delay
Warning[203]: Found opcode in column 1. (CALL)
0017   2071           00028 CALL NINE
MPASM  5.51                     EXERCISE3.ASM   2-9-2023  14:01:26         PAGE  2


LOC  OBJECT CODE     LINE SOURCE TEXT
  VALUE

Warning[203]: Found opcode in column 1. (CALL)
0018   2047           00029 CALL delay
Warning[203]: Found opcode in column 1. (CALL)
0019   2074           00030 CALL A
Warning[203]: Found opcode in column 1. (CALL)
001A   2047           00031 CALL delay
Warning[203]: Found opcode in column 1. (CALL)
001B   2077           00032 CALL Bseg
Warning[203]: Found opcode in column 1. (CALL)
001C   2047           00033 CALL delay
Warning[203]: Found opcode in column 1. (CALL)
001D   207A           00034 CALL C
Warning[203]: Found opcode in column 1. (CALL)
001E   2047           00035 CALL delay
Warning[203]: Found opcode in column 1. (CALL)
001F   207D           00036 CALL D
Warning[203]: Found opcode in column 1. (CALL)
0020   2047           00037 CALL delay
Warning[203]: Found opcode in column 1. (CALL)
0021   2080           00038 CALL E
Warning[203]: Found opcode in column 1. (CALL)
0022   2047           00039 CALL delay
Warning[203]: Found opcode in column 1. (CALL)
0023   2083           00040 CALL F
Warning[203]: Found opcode in column 1. (CALL)
0024   2047           00041 CALL delay
Warning[203]: Found opcode in column 1. (return)
0025   0008           00042 return
                      00043 
                      00044 ; subroutine - Count Down
0026                  00045 count_down:
Warning[203]: Found opcode in column 1. (CALL)
0026   2083           00046 CALL F
Warning[203]: Found opcode in column 1. (CALL)
0027   2047           00047 CALL delay
Warning[203]: Found opcode in column 1. (CALL)
0028   2080           00048 CALL E
Warning[203]: Found opcode in column 1. (CALL)
0029   2047           00049 CALL delay
Warning[203]: Found opcode in column 1. (CALL)
002A   207D           00050 CALL D
Warning[203]: Found opcode in column 1. (CALL)
002B   2047           00051 CALL delay
Warning[203]: Found opcode in column 1. (CALL)
002C   207A           00052 CALL C
Warning[203]: Found opcode in column 1. (CALL)
002D   2047           00053 CALL delay
Warning[203]: Found opcode in column 1. (CALL)
002E   2077           00054 CALL Bseg
Warning[203]: Found opcode in column 1. (CALL)
002F   2047           00055 CALL delay
Warning[203]: Found opcode in column 1. (CALL)
0030   2074           00056 CALL A
MPASM  5.51                     EXERCISE3.ASM   2-9-2023  14:01:26         PAGE  3


LOC  OBJECT CODE     LINE SOURCE TEXT
  VALUE

Warning[203]: Found opcode in column 1. (CALL)
0031   2047           00057 CALL delay
Warning[203]: Found opcode in column 1. (CALL)
0032   2071           00058 CALL NINE
Warning[203]: Found opcode in column 1. (CALL)
0033   2047           00059 CALL delay
Warning[203]: Found opcode in column 1. (CALL)
0034   206E           00060 CALL EIGHT
Warning[203]: Found opcode in column 1. (CALL)
0035   2047           00061 CALL delay
Warning[203]: Found opcode in column 1. (CALL)
0036   206B           00062 CALL SEVEN
Warning[203]: Found opcode in column 1. (CALL)
0037   2047           00063 CALL delay
Warning[203]: Found opcode in column 1. (CALL)
0038   2068           00064 CALL SIX
Warning[203]: Found opcode in column 1. (CALL)
0039   2047           00065 CALL delay
Warning[203]: Found opcode in column 1. (CALL)
003A   2065           00066 CALL FIVE
Warning[203]: Found opcode in column 1. (CALL)
003B   2047           00067 CALL delay
Warning[203]: Found opcode in column 1. (CALL)
003C   2062           00068 CALL FOUR
Warning[203]: Found opcode in column 1. (CALL)
003D   2047           00069 CALL delay
Warning[203]: Found opcode in column 1. (CALL)
003E   205F           00070 CALL THREE
Warning[203]: Found opcode in column 1. (CALL)
003F   2047           00071 CALL delay
Warning[203]: Found opcode in column 1. (CALL)
0040   205C           00072 CALL TWO
Warning[203]: Found opcode in column 1. (CALL)
0041   2047           00073 CALL delay
Warning[203]: Found opcode in column 1. (CALL)
0042   2059           00074 CALL ONE
Warning[203]: Found opcode in column 1. (CALL)
0043   2047           00075 CALL delay
Warning[203]: Found opcode in column 1. (CALL)
0044   2056           00076 CALL ZERO
Warning[203]: Found opcode in column 1. (CALL)
0045   2047           00077 CALL delay
Warning[203]: Found opcode in column 1. (return)
0046   0008           00078 return
                      00079 
                      00080 ; subroutine - Delay 1 second
0047                  00081 delay:
Warning[203]: Found opcode in column 1. (MOVLW)
0047   30FF           00082 MOVLW 0xFF
Warning[203]: Found opcode in column 1. (MOVWF)
0048   008C           00083 MOVWF 0Ch
Warning[207]: Found label after column 1. (loop_1)
0049                  00084     loop_1:
MPASM  5.51                     EXERCISE3.ASM   2-9-2023  14:01:26         PAGE  4


LOC  OBJECT CODE     LINE SOURCE TEXT
  VALUE

0049   0B8C           00085     DECFSZ 0Ch, 1
004A   284C           00086     goto delay_plus
004B   0008           00087     return
Warning[207]: Found label after column 1. (delay_plus)
004C                  00088     delay_plus:
004C   30FF           00089     MOVLW 0xFF
004D   008D           00090     MOVWF 0Dh
Warning[207]: Found label after column 1. (loop_2)
004E                  00091         loop_2:
004E   0B8D           00092         DECFSZ 0Dh, 1
004F   2851           00093         goto delay_plus_plus
0050   2849           00094         goto loop_1
Warning[207]: Found label after column 1. (delay_plus_plus)
0051                  00095             delay_plus_plus:
0051   3002           00096             MOVLW 0x02
0052   008E           00097             MOVWF 0Eh
Warning[207]: Found label after column 1. (loop_3)
0053                  00098                 loop_3:
0053   0B8E           00099                 DECFSZ 0Eh, 1
0054   2853           00100                 goto loop_3
0055   284E           00101                 goto loop_2
                      00102 
                      00103  ; Outputs
0056                  00104 ZERO:
Warning[203]: Found opcode in column 1. (MOVLW)
0056   303F           00105 MOVLW 0x3F
Warning[203]: Found opcode in column 1. (MOVWF)
0057   0086           00106 MOVWF 06h
Warning[203]: Found opcode in column 1. (return)
0058   0008           00107 return
                      00108 
0059                  00109 ONE:
Warning[203]: Found opcode in column 1. (MOVLW)
0059   3006           00110 MOVLW 0x06
Warning[203]: Found opcode in column 1. (MOVWF)
005A   0086           00111 MOVWF 06h
Warning[203]: Found opcode in column 1. (return)
005B   0008           00112 return
                      00113 
005C                  00114 TWO:
Warning[203]: Found opcode in column 1. (MOVLW)
005C   305B           00115 MOVLW 0x5B
Warning[203]: Found opcode in column 1. (MOVWF)
005D   0086           00116 MOVWF 06h
Warning[203]: Found opcode in column 1. (return)
005E   0008           00117 return
                      00118 
005F                  00119 THREE:
Warning[203]: Found opcode in column 1. (MOVLW)
005F   304F           00120 MOVLW 0x4F
Warning[203]: Found opcode in column 1. (MOVWF)
0060   0086           00121 MOVWF 06h
Warning[203]: Found opcode in column 1. (return)
MPASM  5.51                     EXERCISE3.ASM   2-9-2023  14:01:26         PAGE  5


LOC  OBJECT CODE     LINE SOURCE TEXT
  VALUE

0061   0008           00122 return
                      00123 
0062                  00124 FOUR:
Warning[203]: Found opcode in column 1. (MOVLW)
0062   3066           00125 MOVLW 0x66
Warning[203]: Found opcode in column 1. (MOVWF)
0063   0086           00126 MOVWF 06h
Warning[203]: Found opcode in column 1. (return)
0064   0008           00127 return
                      00128 
0065                  00129 FIVE:
Warning[203]: Found opcode in column 1. (MOVLW)
0065   306D           00130 MOVLW 0x6D
Warning[203]: Found opcode in column 1. (MOVWF)
0066   0086           00131 MOVWF 06h
Warning[203]: Found opcode in column 1. (return)
0067   0008           00132 return
                      00133 
0068                  00134 SIX:
Warning[203]: Found opcode in column 1. (MOVLW)
0068   307D           00135 MOVLW 0x7D
Warning[203]: Found opcode in column 1. (MOVWF)
0069   0086           00136 MOVWF 06h
Warning[203]: Found opcode in column 1. (return)
006A   0008           00137 return
                      00138 
006B                  00139 SEVEN:
Warning[203]: Found opcode in column 1. (MOVLW)
006B   3007           00140 MOVLW 0x07
Warning[203]: Found opcode in column 1. (MOVWF)
006C   0086           00141 MOVWF 06h
Warning[203]: Found opcode in column 1. (return)
006D   0008           00142 return
                      00143 
006E                  00144 EIGHT:
Warning[203]: Found opcode in column 1. (MOVLW)
006E   307F           00145 MOVLW 0x7F
Warning[203]: Found opcode in column 1. (MOVWF)
006F   0086           00146 MOVWF 06h
Warning[203]: Found opcode in column 1. (return)
0070   0008           00147 return
                      00148 
0071                  00149 NINE:
Warning[203]: Found opcode in column 1. (MOVLW)
0071   306F           00150 MOVLW 0x6F
Warning[203]: Found opcode in column 1. (MOVWF)
0072   0086           00151 MOVWF 06h
Warning[203]: Found opcode in column 1. (return)
0073   0008           00152 return
                      00153 
0074                  00154 A:
Warning[203]: Found opcode in column 1. (MOVLW)
0074   3077           00155 MOVLW 0x77
MPASM  5.51                     EXERCISE3.ASM   2-9-2023  14:01:26         PAGE  6


LOC  OBJECT CODE     LINE SOURCE TEXT
  VALUE

Warning[203]: Found opcode in column 1. (MOVWF)
0075   0086           00156 MOVWF 06h
Warning[203]: Found opcode in column 1. (return)
0076   0008           00157 return
                      00158 
0077                  00159 Bseg:
Warning[203]: Found opcode in column 1. (MOVLW)
0077   307C           00160 MOVLW 0x7C
Warning[203]: Found opcode in column 1. (MOVWF)
0078   0086           00161 MOVWF 06h
Warning[203]: Found opcode in column 1. (return)
0079   0008           00162 return
                      00163 
007A                  00164 C:
Warning[203]: Found opcode in column 1. (MOVLW)
007A   3039           00165 MOVLW 0x39
Warning[203]: Found opcode in column 1. (MOVWF)
007B   0086           00166 MOVWF 06h
Warning[203]: Found opcode in column 1. (return)
007C   0008           00167 return
                      00168 
007D                  00169 D:
Warning[203]: Found opcode in column 1. (MOVLW)
007D   305E           00170 MOVLW 0x5E
Warning[203]: Found opcode in column 1. (MOVWF)
007E   0086           00171 MOVWF 06h
Warning[203]: Found opcode in column 1. (return)
007F   0008           00172 return
                      00173 
0080                  00174 E:
Warning[203]: Found opcode in column 1. (MOVLW)
0080   3079           00175 MOVLW 0x79
Warning[203]: Found opcode in column 1. (MOVWF)
0081   0086           00176 MOVWF 06h
Warning[203]: Found opcode in column 1. (return)
0082   0008           00177 return
                      00178 
0083                  00179 F:
Warning[203]: Found opcode in column 1. (MOVLW)
0083   3071           00180 MOVLW 0x71
Warning[203]: Found opcode in column 1. (MOVWF)
0084   0086           00181 MOVWF 06h
Warning[203]: Found opcode in column 1. (return)
0085   0008           00182 return
                      00183 
                      00184 ; main
0086                  00185 START:
Warning[203]: Found opcode in column 1. (CALL)
0086   2005           00186 CALL count_up
Warning[203]: Found opcode in column 1. (CALL)
0087   2026           00187 CALL count_down
                      00188 
Warning[205]: Found directive in column 1. (END)
MPASM  5.51                     EXERCISE3.ASM   2-9-2023  14:01:26         PAGE  7


LOC  OBJECT CODE     LINE SOURCE TEXT
  VALUE

                      00189 END
MPASM  5.51                     EXERCISE3.ASM   2-9-2023  14:01:26         PAGE  8


SYMBOL TABLE
  LABEL                             VALUE 

A                                 00000074
Bseg                              00000077
C                                 0000007A
D                                 0000007D
E                                 00000080
EIGHT                             0000006E
F                                 00000083
FIVE                              00000065
FOUR                              00000062
NINE                              00000071
ONE                               00000059
SEVEN                             0000006B
SIX                               00000068
START                             00000086
THREE                             0000005F
TWO                               0000005C
ZERO                              00000056
__16F84A                          00000001
__DEBUG                           1
count_down                        00000026
count_up                          00000005
delay                             00000047
delay_plus                        0000004C
delay_plus_plus                   00000051
loop_1                            00000049
loop_2                            0000004E
loop_3                            00000053


MEMORY USAGE MAP ('X' = Used,  '-' = Unused)

0000 : XXXXXXXXXXXXXXXX XXXXXXXXXXXXXXXX XXXXXXXXXXXXXXXX XXXXXXXXXXXXXXXX
0040 : XXXXXXXXXXXXXXXX XXXXXXXXXXXXXXXX XXXXXXXXXXXXXXXX XXXXXXXXXXXXXXXX
0080 : XXXXXXXX-------- ---------------- ---------------- ----------------

All other memory blocks unused.

Program Memory Words Used:   136
Program Memory Words Free:   888


Errors   :     0
Warnings :   129 reported,     0 suppressed
Messages :     1 reported,     0 suppressed

